// Jest Snapshot v1, https://goo.gl/fbAQLP

exports[`DocHeader renders aligned 1`] = `
.c0 {
  left: calc((100% - 100vw) / 2);
  position: relative;
  width: 100vw;
  padding-left: calc((100vw - 100%) / 2);
  padding-right: calc((100vw - 100%) / 2);
  background-color: #f2f2f2;
}

.c6 {
  font-size: 12px;
  font-weight: 500;
  line-height: 14px;
  cursor: inherit;
  color: #007079;
  text-transform: uppercase;
}

.c4 {
  height: 4px;
  width: 20%;
  margin: 20px auto 0;
  background-color: #007079;
}

.c3 {
  color: #333333;
  font-family: Equinor;
  font-size: 52px;
  -webkit-letter-spacing: -0.1px;
  -moz-letter-spacing: -0.1px;
  -ms-letter-spacing: -0.1px;
  letter-spacing: -0.1px;
  line-height: 52px;
  text-align: center;
}

.c1 {
  background-color: #f2f2f2;
  width: 100%;
  text-align: center;
}

.c2 {
  height: 72px;
  -webkit-transform: translate(0,-50%);
  -ms-transform: translate(0,-50%);
  transform: translate(0,-50%);
}

.c5 {
  font-size: 25px;
  color: black;
  font-weight: 200;
  padding: 0 2px 0 10px;
}

<div
  className="c0"
>
  <div
    className="c1"
  >
    <div
      className="c2"
    >
      <test-file-stub />
    </div>
    <div
      className="c3"
      color="#007079"
      title="Documents"
    >
      Documents
    </div>
    <div
      className="c4"
      color="#007079"
    />
    <div
      style={
        Object {
          "padding": "15px 0 20px",
          "textAlign": "center",
        }
      }
    >
      <span
        className="c5"
      >
        /
      </span>
      <span
        className="c6"
      >
        Api
      </span>
    </div>
  </div>
</div>
`;

exports[`DocHeader renders correctly 1`] = `
.c0 {
  left: calc((100% - 100vw) / 2);
  position: relative;
  width: 100vw;
  padding-left: calc((100vw - 100%) / 2);
  padding-right: calc((100vw - 100%) / 2);
  background-color: #f2f2f2;
}

.c6 {
  font-size: 12px;
  font-weight: 500;
  line-height: 14px;
  cursor: inherit;
  color: #007079;
  text-transform: uppercase;
}

.c4 {
  height: 4px;
  width: 20%;
  margin: 20px auto 0;
  background-color: #007079;
}

.c3 {
  color: #333333;
  font-family: Equinor;
  font-size: 52px;
  -webkit-letter-spacing: -0.1px;
  -moz-letter-spacing: -0.1px;
  -ms-letter-spacing: -0.1px;
  letter-spacing: -0.1px;
  line-height: 52px;
  text-align: center;
}

.c1 {
  background-color: #f2f2f2;
  width: 100%;
  text-align: center;
}

.c2 {
  height: 72px;
  -webkit-transform: translate(0,-50%);
  -ms-transform: translate(0,-50%);
  transform: translate(0,-50%);
}

.c5 {
  font-size: 25px;
  color: black;
  font-weight: 200;
  padding: 0 2px 0 10px;
}

<div
  className="c0"
>
  <div
    className="c1"
  >
    <div
      className="c2"
    >
      <test-file-stub />
    </div>
    <div
      className="c3"
      color="#007079"
      title="Documents"
    >
      Documents
    </div>
    <div
      className="c4"
      color="#007079"
    />
    <div
      style={
        Object {
          "padding": "15px 0 20px",
          "textAlign": "center",
        }
      }
    >
      <span
        className="c5"
      >
        /
      </span>
      <span
        className="c6"
      >
        Api
      </span>
    </div>
  </div>
</div>
`;
