// Jest Snapshot v1, https://goo.gl/fbAQLP

exports[`BlogListing renders correctly 1`] = `
.c0 {
  display: -webkit-box;
  display: -webkit-flex;
  display: -ms-flexbox;
  display: flex;
  margin-left: 15px;
  margin-right: 15px;
  margin: 0 15px 40px;
}

.c2 {
  margin-top: 10px;
  display: -webkit-inline-box;
  display: -webkit-inline-flex;
  display: -ms-inline-flexbox;
  display: inline-flex;
  font-size: 16px;
  font-weight: bold;
  line-height: 21px;
  -webkit-flex-wrap: wrap;
  -ms-flex-wrap: wrap;
  flex-wrap: wrap;
  margin-right: 15px;
}

.c1 {
  margin-top: 40px;
  list-style: none;
  display: -webkit-inline-box;
  display: -webkit-inline-flex;
  display: -ms-inline-flexbox;
  display: inline-flex;
  -webkit-flex-wrap: wrap;
  -ms-flex-wrap: wrap;
  flex-wrap: wrap;
  padding-left: 20px;
}

.c3 {
  background-color: #EAEAEA;
  padding: 0 20px;
  text-align: center;
  border-radius: 20.5px;
  margin-right: 20px;
  margin-bottom: 10px;
}

.c3 a,
.c3 span {
  font-size: 12px;
  font-weight: 500;
  line-height: 14px;
  color: #007079;
  text-transform: uppercase;
}

.c4 {
  background-color: #DEFAEB;
  padding: 0 20px;
  text-align: center;
  border-radius: 20.5px;
  margin-right: 20px;
  margin-bottom: 10px;
}

.c4 a,
.c4 span {
  font-size: 12px;
  font-weight: 500;
  line-height: 14px;
  color: #007079;
  text-transform: uppercase;
}

<section
  className="c0"
>
  <ul
    className="c1"
  >
    <span
      className="c2"
    >
      Tags
    </span>
    <li
      className="c3"
    >
      <a
        href="/tags/api/"
      >
        Api
      </a>
    </li>
    <li
      className="c4"
    >
      <a
        href="/tags/tech/"
      >
        Tech
      </a>
    </li>
  </ul>
</section>
`;
